---
source: compiler/danubec_semantic/src/tests/mod.rs
expression: fs
---
Fs {
    inner: Inner {
        paths: SlotMap {
            slots: [
                Slot {
                    version: 0,
                    next_free: 0,
                },
                Slot {
                    version: 1,
                    value: "src/tests/fixtures/lib.dnb",
                },
                Slot {
                    version: 1,
                    value: "src/tests/fixtures/imports.dnb",
                },
            ],
            free_head: 3,
            num_elems: 2,
            _k: PhantomData<fn(danubec_symbol::FileId) -> danubec_symbol::FileId>,
        },
        canonicals: SecondaryMap {
            slots: [
                Vacant,
                Occupied {
                    value: "/Users/danuel/Documents/internal/danube-lang/danube/compiler/danubec_semantic/src/tests/fixtures/lib.dnb",
                    version: 1,
                },
                Occupied {
                    value: "/Users/danuel/Documents/internal/danube-lang/danube/compiler/danubec_semantic/src/tests/fixtures/imports.dnb",
                    version: 1,
                },
            ],
            num_elems: 2,
            _k: PhantomData<fn(danubec_symbol::FileId) -> danubec_symbol::FileId>,
        },
        files: SecondaryMap {
            slots: [
                Vacant,
                Occupied {
                    value: "mod imports;\n\nmod bar {\n  mod baz {\n    mod qux {\n      //\n    }\n  }\n}\n",
                    version: 1,
                },
                Occupied {
                    value: "use *;\nuse a;\nuse {};\nuse {a::{b::{c::d}}};\n",
                    version: 1,
                },
            ],
            num_elems: 2,
            _k: PhantomData<fn(danubec_symbol::FileId) -> danubec_symbol::FileId>,
        },
    },
}
