---
source: compiler/danubec_semantic/src/tests/mod.rs
expression: symbols
---
SymbolInterner {
    inner: {
        "bar",
        "baz",
        "qux",
        "imports",
        "a",
        "b",
        "c",
        "d",
    },
}
