---
source: compiler/danubec_semantic/src/tests/mod.rs
expression: diagnostic
---
  [31m√ó[0m Use glob without a path
