---
source: compiler/danubec_ast_lowering/src/tests/mod.rs
expression: diagnostic
---

