---
source: compiler/danubec_ast_lowering/src/tests/mod.rs
expression: symbols
---
SymbolInterner {
    inner: {
        "foo",
        "bar",
        "baz",
    },
}
