---
source: compiler/danubec_parse/src/tests/mod.rs
expression: node
---
ROOT_NODE@0..12
  NEW_LINE@0..1 "\n"
  DEFINITION_NODE@1..12
    STRUCT_DEFINITION_NODE@1..12
      STRUCT@1..7 "struct"
      WHITESPACE@7..8 " "
      IDENTIFIER_NODE@8..11
        IDENTIFIER_SEGMENT@8..11
          IDENTIFIER@8..11 "Foo"
      STRUCT_BODY_UNIT_NODE@11..12
        SEMICOLON@11..12 ";"
