---
source: compiler/danubec_lex/src/tests.rs
expression: tokens
---
[
    (
        INTEGER_SEGMENT,
        "0",
    ),
    (
        FRACTION_START,
        ".",
    ),
    (
        FRACTION_SEGMENT,
        "0",
    ),
    (
        WHITESPACE,
        " ",
    ),
    (
        INTEGER_SEGMENT,
        "1",
    ),
    (
        FRACTION_START,
        ".",
    ),
    (
        FRACTION_SEGMENT,
        "0",
    ),
    (
        WHITESPACE,
        " ",
    ),
    (
        INTEGER_SEGMENT,
        "1234567890",
    ),
    (
        FRACTION_START,
        ".",
    ),
    (
        FRACTION_SEGMENT,
        "0987654321",
    ),
    (
        WHITESPACE,
        " ",
    ),
    (
        INTEGER_SEGMENT,
        "0",
    ),
    (
        NUMERIC_SEPARATOR,
        "_",
    ),
    (
        INTEGER_SEGMENT,
        "1",
    ),
    (
        NUMERIC_SEPARATOR,
        "_",
    ),
    (
        INTEGER_SEGMENT,
        "2",
    ),
    (
        NUMERIC_SEPARATOR,
        "_",
    ),
    (
        INTEGER_SEGMENT,
        "3",
    ),
    (
        NUMERIC_SEPARATOR,
        "_",
    ),
    (
        INTEGER_SEGMENT,
        "4",
    ),
    (
        NUMERIC_SEPARATOR,
        "_",
    ),
    (
        INTEGER_SEGMENT,
        "5",
    ),
    (
        NUMERIC_SEPARATOR,
        "_",
    ),
    (
        INTEGER_SEGMENT,
        "6",
    ),
    (
        NUMERIC_SEPARATOR,
        "_",
    ),
    (
        INTEGER_SEGMENT,
        "7",
    ),
    (
        NUMERIC_SEPARATOR,
        "_",
    ),
    (
        INTEGER_SEGMENT,
        "8",
    ),
    (
        NUMERIC_SEPARATOR,
        "_",
    ),
    (
        INTEGER_SEGMENT,
        "9",
    ),
    (
        NUMERIC_SEPARATOR,
        "_",
    ),
    (
        INTEGER_SEGMENT,
        "0",
    ),
    (
        FRACTION_START,
        ".",
    ),
    (
        FRACTION_SEGMENT,
        "0",
    ),
    (
        NUMERIC_SEPARATOR,
        "_",
    ),
    (
        FRACTION_SEGMENT,
        "9",
    ),
    (
        NUMERIC_SEPARATOR,
        "_",
    ),
    (
        FRACTION_SEGMENT,
        "8",
    ),
    (
        NUMERIC_SEPARATOR,
        "_",
    ),
    (
        FRACTION_SEGMENT,
        "7",
    ),
    (
        NUMERIC_SEPARATOR,
        "_",
    ),
    (
        FRACTION_SEGMENT,
        "6",
    ),
    (
        NUMERIC_SEPARATOR,
        "_",
    ),
    (
        FRACTION_SEGMENT,
        "5",
    ),
    (
        NUMERIC_SEPARATOR,
        "_",
    ),
    (
        FRACTION_SEGMENT,
        "4",
    ),
    (
        NUMERIC_SEPARATOR,
        "_",
    ),
    (
        FRACTION_SEGMENT,
        "3",
    ),
    (
        NUMERIC_SEPARATOR,
        "_",
    ),
    (
        FRACTION_SEGMENT,
        "2",
    ),
    (
        NUMERIC_SEPARATOR,
        "_",
    ),
    (
        FRACTION_SEGMENT,
        "1",
    ),
    (
        WHITESPACE,
        " ",
    ),
    (
        INTEGER_SEGMENT,
        "0",
    ),
    (
        NUMERIC_SEPARATOR,
        "__",
    ),
    (
        INTEGER_SEGMENT,
        "1",
    ),
    (
        NUMERIC_SEPARATOR,
        "__",
    ),
    (
        INTEGER_SEGMENT,
        "2",
    ),
    (
        NUMERIC_SEPARATOR,
        "__",
    ),
    (
        INTEGER_SEGMENT,
        "3",
    ),
    (
        NUMERIC_SEPARATOR,
        "__",
    ),
    (
        INTEGER_SEGMENT,
        "4",
    ),
    (
        NUMERIC_SEPARATOR,
        "__",
    ),
    (
        INTEGER_SEGMENT,
        "5",
    ),
    (
        NUMERIC_SEPARATOR,
        "__",
    ),
    (
        INTEGER_SEGMENT,
        "6",
    ),
    (
        NUMERIC_SEPARATOR,
        "__",
    ),
    (
        INTEGER_SEGMENT,
        "7",
    ),
    (
        NUMERIC_SEPARATOR,
        "__",
    ),
    (
        INTEGER_SEGMENT,
        "8",
    ),
    (
        NUMERIC_SEPARATOR,
        "__",
    ),
    (
        INTEGER_SEGMENT,
        "9",
    ),
    (
        NUMERIC_SEPARATOR,
        "__",
    ),
    (
        INTEGER_SEGMENT,
        "0",
    ),
    (
        FRACTION_START,
        ".",
    ),
    (
        FRACTION_SEGMENT,
        "0",
    ),
    (
        NUMERIC_SEPARATOR,
        "__",
    ),
    (
        FRACTION_SEGMENT,
        "9",
    ),
    (
        NUMERIC_SEPARATOR,
        "__",
    ),
    (
        FRACTION_SEGMENT,
        "8",
    ),
    (
        NUMERIC_SEPARATOR,
        "__",
    ),
    (
        FRACTION_SEGMENT,
        "7",
    ),
    (
        NUMERIC_SEPARATOR,
        "__",
    ),
    (
        FRACTION_SEGMENT,
        "6",
    ),
    (
        NUMERIC_SEPARATOR,
        "__",
    ),
    (
        FRACTION_SEGMENT,
        "5",
    ),
    (
        NUMERIC_SEPARATOR,
        "__",
    ),
    (
        FRACTION_SEGMENT,
        "4",
    ),
    (
        NUMERIC_SEPARATOR,
        "__",
    ),
    (
        FRACTION_SEGMENT,
        "3",
    ),
    (
        NUMERIC_SEPARATOR,
        "__",
    ),
    (
        FRACTION_SEGMENT,
        "2",
    ),
    (
        NUMERIC_SEPARATOR,
        "__",
    ),
    (
        FRACTION_SEGMENT,
        "1",
    ),
    (
        WHITESPACE,
        " ",
    ),
    (
        INTEGER_SEGMENT,
        "1234567890",
    ),
    (
        FRACTION_START,
        ".",
    ),
    (
        FRACTION_SEGMENT,
        "0987654321",
    ),
    (
        NUMERIC_SEPARATOR,
        "_",
    ),
    (
        WHITESPACE,
        " ",
    ),
    (
        INTEGER_SEGMENT,
        "1234567890",
    ),
    (
        FRACTION_START,
        ".",
    ),
    (
        FRACTION_SEGMENT,
        "0987654321",
    ),
    (
        NUMERIC_SEPARATOR,
        "__",
    ),
    (
        WHITESPACE,
        " ",
    ),
    (
        INTEGER_SEGMENT,
        "1",
    ),
    (
        FRACTION_START,
        ".",
    ),
    (
        FRACTION_SEGMENT,
        "0",
    ),
    (
        EXPONENT_START,
        "e",
    ),
    (
        EXPONENT_SEGMENT,
        "10",
    ),
    (
        WHITESPACE,
        " ",
    ),
    (
        INTEGER_SEGMENT,
        "1",
    ),
    (
        FRACTION_START,
        ".",
    ),
    (
        FRACTION_SEGMENT,
        "0",
    ),
    (
        EXPONENT_START,
        "E",
    ),
    (
        EXPONENT_SEGMENT,
        "10",
    ),
    (
        WHITESPACE,
        " ",
    ),
    (
        INTEGER_SEGMENT,
        "1",
    ),
    (
        FRACTION_START,
        ".",
    ),
    (
        FRACTION_SEGMENT,
        "0",
    ),
    (
        EXPONENT_START,
        "e",
    ),
    (
        EXPONENT_SIGN,
        "+",
    ),
    (
        EXPONENT_SEGMENT,
        "10",
    ),
    (
        WHITESPACE,
        " ",
    ),
    (
        INTEGER_SEGMENT,
        "1",
    ),
    (
        FRACTION_START,
        ".",
    ),
    (
        FRACTION_SEGMENT,
        "0",
    ),
    (
        EXPONENT_START,
        "E",
    ),
    (
        EXPONENT_SIGN,
        "+",
    ),
    (
        EXPONENT_SEGMENT,
        "10",
    ),
    (
        WHITESPACE,
        " ",
    ),
    (
        INTEGER_SEGMENT,
        "1",
    ),
    (
        FRACTION_START,
        ".",
    ),
    (
        FRACTION_SEGMENT,
        "0",
    ),
    (
        EXPONENT_START,
        "e",
    ),
    (
        EXPONENT_SIGN,
        "-",
    ),
    (
        EXPONENT_SEGMENT,
        "10",
    ),
    (
        WHITESPACE,
        " ",
    ),
    (
        INTEGER_SEGMENT,
        "1",
    ),
    (
        FRACTION_START,
        ".",
    ),
    (
        FRACTION_SEGMENT,
        "0",
    ),
    (
        EXPONENT_START,
        "E",
    ),
    (
        EXPONENT_SIGN,
        "-",
    ),
    (
        EXPONENT_SEGMENT,
        "10",
    ),
    (
        WHITESPACE,
        " ",
    ),
    (
        INTEGER_SEGMENT,
        "1",
    ),
    (
        FRACTION_START,
        ".",
    ),
    (
        FRACTION_SEGMENT,
        "0",
    ),
    (
        EXPONENT_START,
        "e",
    ),
    (
        EXPONENT_SIGN,
        "+",
    ),
    (
        EXPONENT_SEGMENT,
        "10",
    ),
    (
        NUMERIC_SEPARATOR,
        "_",
    ),
    (
        EXPONENT_SEGMENT,
        "9",
    ),
    (
        NUMERIC_SEPARATOR,
        "_",
    ),
    (
        EXPONENT_SEGMENT,
        "87",
    ),
    (
        WHITESPACE,
        " ",
    ),
    (
        INTEGER_SEGMENT,
        "1",
    ),
    (
        FRACTION_START,
        ".",
    ),
    (
        FRACTION_SEGMENT,
        "0",
    ),
    (
        EXPONENT_START,
        "E",
    ),
    (
        EXPONENT_SIGN,
        "+",
    ),
    (
        EXPONENT_SEGMENT,
        "10",
    ),
    (
        NUMERIC_SEPARATOR,
        "__",
    ),
    (
        EXPONENT_SEGMENT,
        "9",
    ),
    (
        NUMERIC_SEPARATOR,
        "__",
    ),
    (
        EXPONENT_SEGMENT,
        "8",
    ),
    (
        NUMERIC_SEPARATOR,
        "__",
    ),
    (
        EXPONENT_SEGMENT,
        "7",
    ),
    (
        WHITESPACE,
        " ",
    ),
    (
        INTEGER_SEGMENT,
        "1",
    ),
    (
        FRACTION_START,
        ".",
    ),
    (
        FRACTION_SEGMENT,
        "0",
    ),
    (
        EXPONENT_START,
        "e",
    ),
    (
        EXPONENT_SEGMENT,
        "10",
    ),
    (
        NUMERIC_SEPARATOR,
        "_",
    ),
    (
        EXPONENT_SEGMENT,
        "9",
    ),
    (
        NUMERIC_SEPARATOR,
        "_",
    ),
    (
        EXPONENT_SEGMENT,
        "87",
    ),
    (
        WHITESPACE,
        " ",
    ),
    (
        INTEGER_SEGMENT,
        "1",
    ),
    (
        FRACTION_START,
        ".",
    ),
    (
        FRACTION_SEGMENT,
        "0",
    ),
    (
        EXPONENT_START,
        "E",
    ),
    (
        EXPONENT_SEGMENT,
        "10",
    ),
    (
        NUMERIC_SEPARATOR,
        "__",
    ),
    (
        EXPONENT_SEGMENT,
        "9",
    ),
    (
        NUMERIC_SEPARATOR,
        "__",
    ),
    (
        EXPONENT_SEGMENT,
        "8",
    ),
    (
        NUMERIC_SEPARATOR,
        "__",
    ),
    (
        EXPONENT_SEGMENT,
        "7",
    ),
    (
        WHITESPACE,
        " ",
    ),
    (
        INTEGER_SEGMENT,
        "1",
    ),
    (
        EXPONENT_START,
        "e",
    ),
    (
        EXPONENT_SEGMENT,
        "10",
    ),
    (
        WHITESPACE,
        " ",
    ),
    (
        INTEGER_SEGMENT,
        "1",
    ),
    (
        EXPONENT_START,
        "E",
    ),
    (
        EXPONENT_SEGMENT,
        "10",
    ),
    (
        WHITESPACE,
        " ",
    ),
    (
        INTEGER_SEGMENT,
        "1",
    ),
    (
        EXPONENT_START,
        "e",
    ),
    (
        EXPONENT_SIGN,
        "+",
    ),
    (
        EXPONENT_SEGMENT,
        "10",
    ),
    (
        WHITESPACE,
        " ",
    ),
    (
        INTEGER_SEGMENT,
        "1",
    ),
    (
        EXPONENT_START,
        "E",
    ),
    (
        EXPONENT_SIGN,
        "+",
    ),
    (
        EXPONENT_SEGMENT,
        "10",
    ),
    (
        WHITESPACE,
        " ",
    ),
    (
        INTEGER_SEGMENT,
        "1",
    ),
    (
        EXPONENT_START,
        "e",
    ),
    (
        EXPONENT_SIGN,
        "-",
    ),
    (
        EXPONENT_SEGMENT,
        "10",
    ),
    (
        WHITESPACE,
        " ",
    ),
    (
        INTEGER_SEGMENT,
        "1",
    ),
    (
        EXPONENT_START,
        "E",
    ),
    (
        EXPONENT_SIGN,
        "-",
    ),
    (
        EXPONENT_SEGMENT,
        "10",
    ),
    (
        WHITESPACE,
        " ",
    ),
    (
        INTEGER_SEGMENT,
        "1",
    ),
    (
        EXPONENT_START,
        "e",
    ),
    (
        EXPONENT_SIGN,
        "+",
    ),
    (
        EXPONENT_SEGMENT,
        "10",
    ),
    (
        NUMERIC_SEPARATOR,
        "_",
    ),
    (
        EXPONENT_SEGMENT,
        "9",
    ),
    (
        NUMERIC_SEPARATOR,
        "_",
    ),
    (
        EXPONENT_SEGMENT,
        "87",
    ),
    (
        WHITESPACE,
        " ",
    ),
    (
        INTEGER_SEGMENT,
        "1",
    ),
    (
        EXPONENT_START,
        "E",
    ),
    (
        EXPONENT_SIGN,
        "+",
    ),
    (
        EXPONENT_SEGMENT,
        "10",
    ),
    (
        NUMERIC_SEPARATOR,
        "__",
    ),
    (
        EXPONENT_SEGMENT,
        "9",
    ),
    (
        NUMERIC_SEPARATOR,
        "__",
    ),
    (
        EXPONENT_SEGMENT,
        "8",
    ),
    (
        NUMERIC_SEPARATOR,
        "__",
    ),
    (
        EXPONENT_SEGMENT,
        "7",
    ),
    (
        WHITESPACE,
        " ",
    ),
    (
        INTEGER_SEGMENT,
        "1",
    ),
    (
        EXPONENT_START,
        "e",
    ),
    (
        EXPONENT_SEGMENT,
        "10",
    ),
    (
        NUMERIC_SEPARATOR,
        "_",
    ),
    (
        EXPONENT_SEGMENT,
        "9",
    ),
    (
        NUMERIC_SEPARATOR,
        "_",
    ),
    (
        EXPONENT_SEGMENT,
        "87",
    ),
    (
        WHITESPACE,
        " ",
    ),
    (
        INTEGER_SEGMENT,
        "1",
    ),
    (
        EXPONENT_START,
        "E",
    ),
    (
        EXPONENT_SEGMENT,
        "10",
    ),
    (
        NUMERIC_SEPARATOR,
        "__",
    ),
    (
        EXPONENT_SEGMENT,
        "9",
    ),
    (
        NUMERIC_SEPARATOR,
        "__",
    ),
    (
        EXPONENT_SEGMENT,
        "8",
    ),
    (
        NUMERIC_SEPARATOR,
        "__",
    ),
    (
        EXPONENT_SEGMENT,
        "7",
    ),
]
