---
source: compiler/danubec_lex/src/tests.rs
expression: tokens
---
[
    (
        STRING_START,
        "\"",
    ),
    (
        STRING_SEGMENT,
        "a",
    ),
    (
        INTERPOLATION_START,
        "${",
    ),
    (
        IDENTIFIER,
        "b",
    ),
    (
        LEFT_BRACE,
        "{",
    ),
    (
        IDENTIFIER,
        "c",
    ),
    (
        STRING_START,
        "\"",
    ),
    (
        STRING_SEGMENT,
        "d",
    ),
    (
        INTERPOLATION_START,
        "${",
    ),
    (
        IDENTIFIER,
        "e",
    ),
    (
        INTERPOLATION_END,
        "}",
    ),
    (
        STRING_SEGMENT,
        "f",
    ),
    (
        STRING_END,
        "\"",
    ),
    (
        IDENTIFIER,
        "g",
    ),
    (
        RIGHT_BRACE,
        "}",
    ),
    (
        IDENTIFIER,
        "h",
    ),
    (
        INTERPOLATION_END,
        "}",
    ),
    (
        STRING_SEGMENT,
        "i",
    ),
    (
        STRING_END,
        "\"",
    ),
]
