---
source: compiler/danubec_lex/src/lib.rs
expression: tokens
---
[
    (
        RAW,
        "ðŸ’–âœ¨ðŸš€ðŸ¦€",
    ),
    (
        WHITESPACE,
        " ",
    ),
    (
        RAW,
        "í•œê¸€",
    ),
]
