---
source: compiler/danubec_lex/src/tests.rs
expression: tokens
---
[
    (
        RAW_STRING_START,
        "r\"",
    ),
    (
        STRING_SEGMENT,
        "Hello, World!",
    ),
    (
        RAW_STRING_END,
        "\"",
    ),
    (
        WHITESPACE,
        " ",
    ),
    (
        RAW_STRING_START,
        "r#\"",
    ),
    (
        STRING_SEGMENT,
        "Hello, \"World\"!\"",
    ),
    (
        RAW_STRING_END,
        "\"#",
    ),
    (
        WHITESPACE,
        " ",
    ),
    (
        RAW_STRING_START,
        "r##\"",
    ),
    (
        STRING_SEGMENT,
        "r#\"Hello, \"World\"!\"",
    ),
    (
        RAW_STRING_END,
        "\"##",
    ),
    (
        WHITESPACE,
        " ",
    ),
    (
        RAW_STRING_START,
        "r###\"",
    ),
    (
        STRING_SEGMENT,
        "r##\"Hello, \"World\"!\"",
    ),
    (
        RAW_STRING_END,
        "\"###",
    ),
]
